2016-03-25 07:35:50,946 | root | INFO | uptime ["b' 07:35:50 up 1 day,  7:53,  6 users,  load average: 0.16, 0.06, 0.06", "'"]
2016-03-25 07:36:08,011 | root | INFO | df -hT ["b'Filesystem                    Type     Size  Used Avail Use% Mounted on", '/dev/mapper/vg_centos-lv_root ext4      41G  7.9G   32G  21% /', 'tmpfs                         tmpfs    1.9G  236K  1.9G   1% /dev/shm', '/dev/sda1                     ext4     485M   35M  426M   8% /boot', '/dev/sr0                      iso9660  4.2G  4.2G     0 100% /media/CentOS_6.5_Final', "'"]
2016-03-25 07:41:09,526 | root | INFO | uptime ["b' 07:41:09 up 1 day,  7:58,  6 users,  load average: 0.09, 0.06, 0.05", "'"]
2016-03-25 07:41:35,845 | root | INFO | ifconfig ["b'eth0      Link encap:Ethernet  HWaddr 00:0C:29:A1:EF:18  ", '          inet addr:192.168.1.5  Bcast:192.168.1.255  Mask:255.255.255.0', '          inet6 addr: fe80::20c:29ff:fea1:ef18/64 Scope:Link', '          UP BROADCAST RUNNING MULTICAST  MTU:1500  Metric:1', '          RX packets:207133 errors:0 dropped:0 overruns:0 frame:0', '          TX packets:97673 errors:0 dropped:0 overruns:0 carrier:0', '          collisions:0 txqueuelen:1000 ', '          RX bytes:184327176 (175.7 MiB)  TX bytes:9085499 (8.6 MiB)', '', 'lo        Link encap:Local Loopback  ', '          inet addr:127.0.0.1  Mask:255.0.0.0', '          inet6 addr: ::1/128 Scope:Host', '          UP LOOPBACK RUNNING  MTU:16436  Metric:1', '          RX packets:94879 errors:0 dropped:0 overruns:0 frame:0', '          TX packets:94879 errors:0 dropped:0 overruns:0 carrier:0', '          collisions:0 txqueuelen:0 ', '          RX bytes:10522479 (10.0 MiB)  TX bytes:10522479 (10.0 MiB)', '', "'"]
2016-03-25 07:49:03,050 | root | INFO | ifconfig ["b'eth0      Link encap:Ethernet  HWaddr 00:0C:29:A1:EF:18  ", '          inet addr:192.168.1.5  Bcast:192.168.1.255  Mask:255.255.255.0', '          inet6 addr: fe80::20c:29ff:fea1:ef18/64 Scope:Link', '          UP BROADCAST RUNNING MULTICAST  MTU:1500  Metric:1', '          RX packets:207244 errors:0 dropped:0 overruns:0 frame:0', '          TX packets:97733 errors:0 dropped:0 overruns:0 carrier:0', '          collisions:0 txqueuelen:1000 ', '          RX bytes:184335927 (175.7 MiB)  TX bytes:9089159 (8.6 MiB)', '', 'lo        Link encap:Local Loopback  ', '          inet addr:127.0.0.1  Mask:255.0.0.0', '          inet6 addr: ::1/128 Scope:Host', '          UP LOOPBACK RUNNING  MTU:16436  Metric:1', '          RX packets:94973 errors:0 dropped:0 overruns:0 frame:0', '          TX packets:94973 errors:0 dropped:0 overruns:0 carrier:0', '          collisions:0 txqueuelen:0 ', '          RX bytes:10534870 (10.0 MiB)  TX bytes:10534870 (10.0 MiB)', '', "'"]
2016-03-25 07:49:38,675 | root | INFO | free -m ["b'             total       used       free     shared    buffers     cached", 'Mem:          3825       3143        681          0        177       1374', '-/+ buffers/cache:       1591       2233', 'Swap:         1983          0       1983', "'"]
